// Jest Snapshot v1, https://goo.gl/fbAQLP

exports[`EdgeSystemsBanner does not render with no edge hosts 1`] = `<DocumentFragment />`;

exports[`EdgeSystemsBanner does render with edge hosts present 1`] = `
<DocumentFragment>
  <div
    aria-label="Immutable Systems Warning"
    class="pf-c-alert pf-m-inline pf-m-info"
    data-ouia-component-id="OUIA-Generated-Alert-info-1"
    data-ouia-component-type="PF4/Alert"
    data-ouia-safe="true"
    style="margin-bottom: 1.5rem;"
  >
    <div
      class="pf-c-alert__icon"
    >
      <svg
        aria-hidden="true"
        fill="currentColor"
        height="1em"
        role="img"
        style="vertical-align: -0.125em;"
        viewBox="0 0 512 512"
        width="1em"
      >
        <path
          d="M256 8C119.043 8 8 119.083 8 256c0 136.997 111.043 248 248 248s248-111.003 248-248C504 119.083 392.957 8 256 8zm0 110c23.196 0 42 18.804 42 42s-18.804 42-42 42-42-18.804-42-42 18.804-42 42-42zm56 254c0 6.627-5.373 12-12 12h-88c-6.627 0-12-5.373-12-12v-24c0-6.627 5.373-12 12-12h12v-64h-12c-6.627 0-12-5.373-12-12v-24c0-6.627 5.373-12 12-12h64c6.627 0 12 5.373 12 12v100h12c6.627 0 12 5.373 12 12v24z"
        />
      </svg>
    </div>
    <h4
      class="pf-c-alert__title"
    >
      <span
        class="pf-u-screen-reader"
      >
        Info alert:
      </span>
      Immutable systems are not shown in this list.
    </h4>
  </div>
</DocumentFragment>
`;
